[www.ifly50.com/en_in/50.html]
[backblue.gif]
[fade.gif]
[index.html]
[b922bde52f23a8481830-83cb7d8d544f653b52d1a1621f05ea9d.ssl.cf3.rackcdn.com/images/_1200x630_crop_center-center/13_Filippijnen_Sambawan-min.jpg]
[www.ifly50.com/apple-touch-icon-57x57.png]
[www.ifly50.com/apple-touch-icon-114x114.png]
[www.ifly50.com/apple-touch-icon-72x72.png]
[www.ifly50.com/apple-touch-icon-144x144.png]
[www.ifly50.com/apple-touch-icon-60x60.png]
[www.ifly50.com/apple-touch-icon-120x120.png]
[www.ifly50.com/apple-touch-icon-76x76.png]
[www.ifly50.com/apple-touch-icon-152x152.png]
[www.ifly50.com/favicon-196x196.png]
[www.ifly50.com/favicon-160x160.png]
[www.ifly50.com/favicon-96x96.png]
[www.ifly50.com/favicon-16x16.png]
[www.ifly50.com/favicon-32x32.png]
[www.ifly50.com/mstile-144x144.png]
[www.ifly50.com/static/css/app883a.css]
[www.ifly50.com/static/js/modernizr883a.js]
[use.typekit.net/sdd7yvo.js]
[fast.fonts.net/cssapi/ca53be7c-8495-4b91-94ae-d4e7925bf7df.css]
[www.ifly50.com/static/js/browsercheck.js]
[www.ifly50.com/en_in/unsupported-browser.html]
[b922bde52f23a8481830-83cb7d8d544f653b52d1a1621f05ea9d.ssl.cf3.rackcdn.com/images/landingpage.jpg]
[b922bde52f23a8481830-83cb7d8d544f653b52d1a1621f05ea9d.ssl.cf3.rackcdn.com/images/cover_mobile_screen-min_V3-min.jpg]
[www.klm.com/ams/tms/kl/web/tc-nonmi.js]
[b922bde52f23a8481830-83cb7d8d544f653b52d1a1621f05ea9d.ssl.cf3.rackcdn.com/images/_920x1920_crop_center-center/Filippijnen-Sambawan-v2.jpg]
[b922bde52f23a8481830-83cb7d8d544f653b52d1a1621f05ea9d.ssl.cf3.rackcdn.com/images/_1920x1296_crop_center-center/Filippijnen-Sambawan-Desktop.jpg]
[www.ifly50.com/en_in/terms-and-conditions.html]
[www.ifly50.com/en_in/disclaimer.html]
[www.google-analytics.com/analytics.js]
[www.ifly50.com/static/js/app883a.js]
[f.vimeocdn.com/js/froogaloop2.min.js]
[www.ifly50.com/en_in/50.html]
[www.ifly50.com/en_in/mstile-144x144.html]
[www.ifly50.com/en_in/index.html]
[www.ifly50.com/static/img/shadow_language.png]
[www.ifly50.com/static/img/rotate_screen@2x.png]
[www.ifly50.com/static/css/app883a.css]
[fast.fonts.net/cssapi/ca53be7c-8495-4b91-94ae-d4e7925bf7df.css]
[b922bde52f23a8481830-83cb7d8d544f653b52d1a1621f05ea9d.ssl.cf3.rackcdn.com/images/_1200x630_crop_center-center/landingpage.jpg]
[www.ifly50.com/static/css/app.css]
[www.ifly50.com/static/img/unsupported-browser.png]
[www.ifly50.com/static/img/chrome.png]
[www.ifly50.com/static/img/ie.png]
[www.ifly50.com/static/img/firefox.png]
[www.ifly50.com/static/img/opera.png]
[www.ifly50.com/static/img/safari.png]
[www.ifly50.com/en_in/unsupported-browser.html]
[b922bde52f23a8481830-83cb7d8d544f653b52d1a1621f05ea9d.ssl.cf3.rackcdn.com/images/_960x1080_crop_center-right/terms_and_conditions_bg-1.jpg]
[www.ifly50.com/en_in/terms-and-conditions.html]
[www.ifly50.com/en_in/disclaimer.html]
[fast.fonts.net/t/179c6.css]
[www.ifly50.com/static/css/app.css]
